------------------------------------------------------------
Timing Analyzer Summary
------------------------------------------------------------

Type  : Slow 1200mV 85C Model Setup 'wr_clk'
Slack : 3.702
TNS   : 0.000

Type  : Slow 1200mV 85C Model Setup 'rd_clk'
Slack : 6.444
TNS   : 0.000

Type  : Slow 1200mV 85C Model Hold 'wr_clk'
Slack : 0.463
TNS   : 0.000

Type  : Slow 1200mV 85C Model Hold 'rd_clk'
Slack : 0.465
TNS   : 0.000

Type  : Slow 1200mV 85C Model Minimum Pulse Width 'wr_clk'
Slack : 4.663
TNS   : 0.000

Type  : Slow 1200mV 85C Model Minimum Pulse Width 'rd_clk'
Slack : 9.681
TNS   : 0.000

Type  : Slow 1200mV 0C Model Setup 'wr_clk'
Slack : 4.120
TNS   : 0.000

Type  : Slow 1200mV 0C Model Setup 'rd_clk'
Slack : 6.595
TNS   : 0.000

Type  : Slow 1200mV 0C Model Hold 'rd_clk'
Slack : 0.416
TNS   : 0.000

Type  : Slow 1200mV 0C Model Hold 'wr_clk'
Slack : 0.416
TNS   : 0.000

Type  : Slow 1200mV 0C Model Minimum Pulse Width 'wr_clk'
Slack : 4.670
TNS   : 0.000

Type  : Slow 1200mV 0C Model Minimum Pulse Width 'rd_clk'
Slack : 9.688
TNS   : 0.000

Type  : Fast 1200mV 0C Model Setup 'wr_clk'
Slack : 7.204
TNS   : 0.000

Type  : Fast 1200mV 0C Model Setup 'rd_clk'
Slack : 8.400
TNS   : 0.000

Type  : Fast 1200mV 0C Model Hold 'wr_clk'
Slack : 0.162
TNS   : 0.000

Type  : Fast 1200mV 0C Model Hold 'rd_clk'
Slack : 0.192
TNS   : 0.000

Type  : Fast 1200mV 0C Model Minimum Pulse Width 'wr_clk'
Slack : 4.373
TNS   : 0.000

Type  : Fast 1200mV 0C Model Minimum Pulse Width 'rd_clk'
Slack : 9.376
TNS   : 0.000

------------------------------------------------------------
